// Jest Snapshot v1, https://goo.gl/fbAQLP

exports[`Filter render renders correctly 1`] = `
<Downshift
  clearSelection={[Function]}
  defaultHighlightedIndex={null}
  defaultIsOpen={false}
  environment={[Window]}
  getA11yStatusMessage={[Function]}
  highlightedIndex={null}
  inputValue=""
  isOpen={true}
  itemToString={[Function]}
  onChange={[Function]}
  onInputValueChange={[Function]}
  onOuterClick={[Function]}
  onSelect={[Function]}
  onStateChange={[Function]}
  onUserAction={[Function]}
  render={[Function]}
  scrollIntoView={[Function]}
  selectedItemChanged={[Function]}
  stateReducer={[Function]}
  suppressRefError={false}
/>
`;

exports[`Filter render renders the HTML of the node's subtree 1`] = `null`;
